[www.nexon.com/maplestory/index.html]
[www.googletagmanager.com/gtm67a5.js]
[backblue.gif]
[fade.gif]
[index.html]
[g.nexonstatic.com/gnt/assets/styles/main6040.css]
[cdn.cookielaw.org/scripttemplates/otSDKStub.js]
[web.nxfs.nexon.com/nav-lib/dynamic/gnb-lib.js]
[g.nexonstatic.com/gnt/assets/js/main6040.js]
[cdn.jsdelivr.net/npm/gsap@3.12.5/dist/gsap.min.js]
[cdn.jsdelivr.net/npm/gsap@3.12.5/dist/ScrollTrigger.min.js]
[cdn.jsdelivr.net/npm/gsap@3.12.5/dist/MotionPathPlugin.min.js]
[cdn.jsdelivr.net/npm/gsap@3.12.5/dist/Observer.min.js]
[web.nxfs.nexon.com/maplestory/static/springer.js]
[web.nxfs.nexon.com/maplestory/assets/index-341fe9a7.css]
[www.nexon.com/maplestory/index.html]
[g.nexonstatic.com/gnt/assets/styles/main6040.css]
[web.nxfs.nexon.com/maplestory/assets/polyfills-legacy-41918ac4.js]
[web.nxfs.nexon.com/maplestory/assets/index-5ca08f71.js]
[web.nxfs.nexon.com/maplestory/assets/rankings-d20235c0.webp]
[web.nxfs.nexon.com/maplestory/assets/index-341fe9a7.css]
